// Jest Snapshot v1, https://goo.gl/fbAQLP

exports[`BankForm has consistent render output 1`] = `
<div
  className="bank-form"
>
  <input
    placeholder="Enter amount"
    type="number"
  />
  <button
    className="bank-form__withdraw-button"
    onClick={[Function]}
  >
    Submit
  </button>
</div>
`;
